
> smartdoc-teacher@0.1.0 build
> next build

   Γû▓ Next.js 16.0.10 (Turbopack)
   - Environments: .env.local
   - Experiments (use with caution):
     ┬╖ serverActions

   Creating an optimized production build ...
 Γ£ô Compiled successfully in 7.6s
   Running TypeScript ...
node.exe : Failed to compile.
At line:1 char:1
+ & "C:\nvm4w\nodejs/node.exe" "C:\nvm4w\nodejs/node_modules/npm/bin/np ...
+ ~~~~~~~~~~~~~~~~~~~~~~~~~~~~~~~~~~~~~~~~~~~~~~~~~~~~~~~~~~~~~~~~~~~~~
    + CategoryInfo          : NotSpecified: (Failed to compile.:String) [], RemoteException
    + FullyQualifiedErrorId : NativeCommandError
 

./lib/services/smart-prompt-service.ts:78:31
Type error: Property 'dac_diem' does not exist on type '{ chu_de_chinh: string; trong_tam: string; 
tu_khoa: string[]; } | { chu_de_chinh: string; trong_tam: string; tu_khoa: string[]; } | { chu_de_chinh: 
string; trong_tam: string; tu_khoa: string[]; }'.
  Property 'dac_diem' does not exist on type '{ chu_de_chinh: string; trong_tam: string; tu_khoa: 
string[]; }'.

[0m [90m 76 |[39m         [36mconst[39m studentCharacteristics [33m=[39m [32m`Khß╗æi ${grade}: 
${trongTam?.chu_de_chinh || "Th├¡ch ß╗⌐ng v├á Kh├ím ph├í"}. [39m
 [90m 77 |[39m [32mTrß╗ìng t├óm ph├ít triß╗ân: ${trongTam?.trong_tam || "Ph├ít triß╗ân bß║ún 
th├ón"}.[39m
[31m[1m>[22m[39m[90m 78 |[39m [32mGiai ─æoß║ín t├óm l├╜: ${trongTam?.dac_diem?.join(", ") || 
"Hß╗ìc sinh ─æang trong giai ─æoß║ín ph├ít triß╗ân t╞░ duy phß║ún biß╗çn v├á ─æß╗ïnh h├¼nh bß║ún sß║»c 
c├í nh├ón."}[39m
 [90m    |[39m                               [31m[1m^[22m[39m
 [90m 79 |[39m [32mGß╗úi ├╜ s╞░ phß║ím: Tß║¡p trung v├áo c├íc hoß║ít ─æß╗Öng thß╗▒c h├ánh, trß║úi 
nghiß╗çm nh├│m, khuyß║┐n kh├¡ch tß╗▒ hß╗ìc v├á s├íng tß║ío.`[39m[33m;[39m
 [90m 80 |[39m
 [90m 81 |[39m         [90m// 3. Get PPCT Context[39m[0m
Next.js build worker exited with code: 1 and signal: null
